..\airplan\builtins.lib
..\assoc\builtins.lib
..\attrib\builtins.lib
..\base64\builtins.lib
..\battery\builtins.lib
..\cab\builtins.lib
..\cal\builtins.lib
..\charmap\builtins.lib
..\clip\builtins.lib
..\cls\builtins.lib
..\co\builtins.lib
..\compact\builtins.lib
..\contool\builtins.lib
..\copy\builtins.lib
..\cpuinfo\builtins.lib
..\cshot\builtins.lib
..\cut\builtins.lib
..\cvtvt\builtins.lib
..\date\builtins.lib
..\df\builtins.lib
..\dir\builtins.lib
..\dircase\builtins.lib
..\du\builtins.lib
..\echo\builtins.lib
..\edit\builtins.lib
..\env\builtins.lib
..\envdiff\builtins.lib
..\erase\builtins.lib
..\err\builtins.lib
..\expr\builtins.lib
..\extents\builtins.lib
..\finfo\builtins.lib
..\fscmp\builtins.lib
..\get\builtins.lib
..\grpcmp\builtins.lib
..\hash\builtins.lib
..\help\builtins.lib
..\hexdump\builtins.lib
..\hexedit\builtins.lib
..\hilite\builtins.lib
..\iconv\builtins.lib
..\initool\builtins.lib
..\intcmp\builtins.lib
..\kill\builtins.lib
..\libdlg\yoridlg.lib
..\lines\builtins.lib
..\lsof\builtins.lib
..\mem\builtins.lib
..\mkdir\builtins.lib
..\mklink\builtins.lib
..\more\builtins.lib
..\mount\builtins.lib
..\move\builtins.lib
..\nice\builtins.lib
..\objdir\builtins.lib
..\osver\builtins.lib
..\path\builtins.lib
..\pause\builtins.lib
..\petool\builtins.lib
..\pkglib\yoripkg.lib
..\procinfo\builtins.lib
..\ps\builtins.lib
..\readline\builtins.lib
..\regedit\builtins.lib
..\repl\builtins.lib
..\rmdir\builtins.lib
..\scut\builtins.lib
..\sdir\builtins.lib
..\setver\builtins.lib
..\shutdn\builtins.lib
..\sleep\builtins.lib
..\slmenu\builtins.lib
..\speak\builtins.lib
..\split\builtins.lib
..\sponge\builtins.lib
..\start\builtins.lib
..\strcmp\builtins.lib
..\stride\builtins.lib
..\sync\builtins.lib
..\tail\builtins.lib
..\tee\builtins.lib
..\timethis\builtins.lib
..\title\builtins.lib
..\touch\builtins.lib
..\type\builtins.lib
..\vhdtool\builtins.lib
..\vol\builtins.lib
..\which\builtins.lib
..\wininfo\builtins.lib
..\winpos\builtins.lib
..\ydbg\builtins.lib
..\ypm\builtins.lib
